---
source: crates/proto-flow/tests/regression.rs
expression: proto_test(msg)
---
|0a150808 12117b22 73706563 223a2263| ......{"spec":"c 00000000
|6f6e6669 67227d12 a5040a18 76616c69| onfig"}.....vali 00000010
|64617465 2f6d6174 65726961 6c697a61| date/materializa 00000020
|74696f6e 10081a15 7b227661 6c696461| tion....{"valida 00000030
|7465223a 22636f6e 66696722 7d22e203| te":"config"}".. 00000040
|0a157b22 7265736f 75726365 223a2263| ..{"resource":"c 00000050
|6f6e6669 67227d12 92030a11 61636d65| onfig"}.....acme 00000060
|436f2f63 6f6c6c65 6374696f 6e1a082f| Co/collection../ 00000070
|6b65792f 6f6e651a 082f6b65 792f7477| key/one../key/tw 00000080
|6f220b2f 5f6d6574 612f7575 69642a04| o"./_meta/uuid*. 00000090
|74797065 2a067265 67696f6e 32710a09| type*.region2q.. 000000a0
|2f6a736f 6e2f7074 72120761 2d666965| /json/ptr..a-fie 000000b0
|6c642001 32590a07 696e7465 6765720a| ld .2Y..integer. 000000c0
|06737472 696e671a 131a0374 79702204| .string....typ". 000000d0
|64617465 30b9603a 03656e63 22057469| date0.`:.enc".ti 000000e0
|746c652a 04646573 63320e7b 22646566| tle*.desc2.{"def 000000f0
|223a2261 756c7422 7d40014a 12090000| ":"ault"}@.J.... 00000100
|00000000 45c01100 00000000 001c403a| ....E.........@: 00000110
|0e7b2261 636b223a 22747275 65227d42| .{"ack":"true"}B 00000120
|127b2277 72697465 223a2273 6368656d| .{"write":"schem 00000130
|61227d4a a3010a12 70617274 6974696f| a"}J....partitio 00000140
|6e2f7465 6d706c61 74651003 1a400a1e| n/template...@.. 00000150
|0a0f6573 74756172 792e6465 762f666f| ..estuary.dev/fo 00000160
|6f120b6c 6162656c 2d76616c 75650a1e| o..label-value.. 00000170
|0a0f6573 74756172 792e6465 762f6261| ..estuary.dev/ba 00000180
|72120b6f 74686572 2d76616c 75652242| r..other-value"B 00000190
|08e9ec06 10031a12 73333a2f 2f627563| ........s3://buc 000001a0
|6b65742f 70726566 69782203 08ac0232| ket/prefix"....2 000001b0
|07083e10 80e59a77 3a185061 74687b7b| ..>....w:.Path{{ 000001c0
|506f7374 6669782e 54656d70 6c617465| Postfix.Template 000001d0
|7d7d3004 38cfb0f5 015a117b 22726561| }}0.8....Z.{"rea 000001e0
|64223a22 73636865 6d61227d 1a1d0a07| d":"schema"}.... 000001f0
|615f6669 656c6412 127b2266 69656c64| a_field..{"field 00000200
|223a2263 6f6e6669 67227d1a 130a0b6f| ":"config"}....o 00000210
|74686572 2f666965 6c641204 34322e35| ther/field..42.5 00000220
|2003320b 30303a31 313a3232 3a33331a|  .2.00:11:22:33. 00000230
|d3070ab6 070a1661 636d6543 6f2f6d61| .......acmeCo/ma 00000240
|74657269 616c697a 6174696f 6e10081a| terialization... 00000250
|1d7b226d 61746572 69616c69 7a65223a| .{"materialize": 00000260
|7b22636f 6e666967 223a3432 7d7d22aa| {"config":42}}". 00000270
|050a157b 22726573 6f757263 65223a22| ...{"resource":" 00000280
|636f6e66 6967227d 1204736f 6d651204| config"}..some.. 00000290
|70617468 1a92030a 1161636d 65436f2f| path.....acmeCo/ 000002a0
|636f6c6c 65637469 6f6e1a08 2f6b6579| collection../key 000002b0
|2f6f6e65 1a082f6b 65792f74 776f220b| /one../key/two". 000002c0
|2f5f6d65 74612f75 7569642a 04747970| /_meta/uuid*.typ 000002d0
|652a0672 6567696f 6e32710a 092f6a73| e*.region2q../js 000002e0
|6f6e2f70 74721207 612d6669 656c6420| on/ptr..a-field  000002f0
|0132590a 07696e74 65676572 0a067374| .2Y..integer..st 00000300
|72696e67 1a131a03 74797022 04646174| ring....typ".dat 00000310
|6530b960 3a03656e 63220574 69746c65| e0.`:.enc".title 00000320
|2a046465 7363320e 7b226465 66223a22| *.desc2.{"def":" 00000330
|61756c74 227d4001 4a120900 00000000| ault"}@.J....... 00000340
|0045c011 00000000 00001c40 3a0e7b22| .E.........@:.{" 00000350
|61636b22 3a227472 7565227d 42127b22| ack":"true"}B.{" 00000360
|77726974 65223a22 73636865 6d61227d| write":"schema"} 00000370
|4aa3010a 12706172 74697469 6f6e2f74| J....partition/t 00000380
|656d706c 61746510 031a400a 1e0a0f65| emplate...@....e 00000390
|73747561 72792e64 65762f66 6f6f120b| stuary.dev/foo.. 000003a0
|6c616265 6c2d7661 6c75650a 1e0a0f65| label-value....e 000003b0
|73747561 72792e64 65762f62 6172120b| stuary.dev/bar.. 000003c0
|6f746865 722d7661 6c756522 4208e9ec| other-value"B... 000003d0
|0610031a 1273333a 2f2f6275 636b6574| .....s3://bucket 000003e0
|2f707265 66697822 0308ac02 3207083e| /prefix"....2..> 000003f0
|1080e59a 773a1850 6174687b 7b506f73| ....w:.Path{{Pos 00000400
|74666978 2e54656d 706c6174 657d7d30| tfix.Template}}0 00000410
|0438cfb0 f5015a11 7b227265 6164223a| .8....Z.{"read": 00000420
|22736368 656d6122 7d22550a 076b6579| "schema"}"U..key 00000430
|2f6f6e65 12077661 6c2f7477 6f1a0d66| /one..val/two..f 00000440
|6c6f775f 646f6375 6d656e74 221d0a07| low_document"... 00000450
|615f6669 656c6412 127b2266 69656c64| a_field..{"field 00000460
|223a2263 6f6e6669 67227d22 130a0b6f| ":"config"}"...o 00000470
|74686572 2f666965 6c641204 34322e35| ther/field..42.5 00000480
|3a420a40 0a1e0a0f 65737475 6172792e| :B.@....estuary. 00000490
|6465762f 666f6f12 0b6c6162 656c2d76| dev/foo..label-v 000004a0
|616c7565 0a1e0a0f 65737475 6172792e| alue....estuary. 000004b0
|6465762f 62617212 0b6f7468 65722d76| dev/bar..other-v 000004c0
|616c7565 42316d61 74657269 616c697a| alueB1materializ 000004d0
|652f6163 6d65436f 2f6d6174 65726961| e/acmeCo/materia 000004e0
|6c697a61 74696f6e 2f736f6d 65253230| lization/some%20 000004f0
|70617468 2e763148 03520608 cbc8d6a6| path.v1H.R...... 00000500
|065a0608 80888ba1 0660016a 0e736f6d| .Z.......`.j.som 00000510
|65253230 70617468 2e76312a 80010a0e| e%20path.v1*.... 00000520
|73686172 642f7465 6d706c61 74651a0f| shard/template.. 00000530
|7265636f 76657279 2f707265 66697822| recovery/prefix" 00000540
|0b68696e 742f7072 65666978 28033202| .hint/prefix(.2. 00000550
|083c4801 52400a1e 0a0f6573 74756172| .<H.R@....estuar 00000560
|792e6465 762f666f 6f120b6c 6162656c| y.dev/foo..label 00000570
|2d76616c 75650a1e 0a0f6573 74756172| -value....estuar 00000580
|792e6465 762f6261 72120b6f 74686572| y.dev/bar..other 00000590
|2d76616c 7565608c dc0268e9 ec063238| -value`...h...28 000005a0
|0a117265 636f7665 72792f74 656d706c| ..recovery/templ 000005b0
|61746510 03222108 80804010 041a1473| ate.."!...@....s 000005c0
|333a2f2f 6275636b 65742f72 65636f76| 3://bucket/recov 000005d0
|65727922 0308ac02 3a0c0890 3f120568| ery"....:...?..h 000005e0
|74747073 18013a03 08a84612 0b31313a| ttps..:...F..11: 000005f0
|32323a33 333a3434 2a0b3030 3a31313a| 22:33:44*.00:11: 00000600
|32323a33 3322f807 0ab6070a 1661636d| 22:33".......acm 00000610
|65436f2f 6d617465 7269616c 697a6174| eCo/materializat 00000620
|696f6e10 081a1d7b 226d6174 65726961| ion....{"materia 00000630
|6c697a65 223a7b22 636f6e66 6967223a| lize":{"config": 00000640
|34327d7d 22aa050a 157b2272 65736f75| 42}}"....{"resou 00000650
|72636522 3a22636f 6e666967 227d1204| rce":"config"}.. 00000660
|736f6d65 12047061 74681a92 030a1161| some..path.....a 00000670
|636d6543 6f2f636f 6c6c6563 74696f6e| cmeCo/collection 00000680
|1a082f6b 65792f6f 6e651a08 2f6b6579| ../key/one../key 00000690
|2f74776f 220b2f5f 6d657461 2f757569| /two"./_meta/uui 000006a0
|642a0474 7970652a 06726567 696f6e32| d*.type*.region2 000006b0
|710a092f 6a736f6e 2f707472 1207612d| q../json/ptr..a- 000006c0
|6669656c 64200132 590a0769 6e746567| field .2Y..integ 000006d0
|65720a06 73747269 6e671a13 1a037479| er..string....ty 000006e0
|70220464 61746530 b9603a03 656e6322| p".date0.`:.enc" 000006f0
|05746974 6c652a04 64657363 320e7b22| .title*.desc2.{" 00000700
|64656622 3a226175 6c74227d 40014a12| def":"ault"}@.J. 00000710
|09000000 00000045 c0110000 00000000| .......E........ 00000720
|1c403a0e 7b226163 6b223a22 74727565| .@:.{"ack":"true 00000730
|227d4212 7b227772 69746522 3a227363| "}B.{"write":"sc 00000740
|68656d61 227d4aa3 010a1270 61727469| hema"}J....parti 00000750
|74696f6e 2f74656d 706c6174 6510031a| tion/template... 00000760
|400a1e0a 0f657374 75617279 2e646576| @....estuary.dev 00000770
|2f666f6f 120b6c61 62656c2d 76616c75| /foo..label-valu 00000780
|650a1e0a 0f657374 75617279 2e646576| e....estuary.dev 00000790
|2f626172 120b6f74 6865722d 76616c75| /bar..other-valu 000007a0
|65224208 e9ec0610 031a1273 333a2f2f| e"B........s3:// 000007b0
|6275636b 65742f70 72656669 78220308| bucket/prefix".. 000007c0
|ac023207 083e1080 e59a773a 18506174| ..2..>....w:.Pat 000007d0
|687b7b50 6f737466 69782e54 656d706c| h{{Postfix.Templ 000007e0
|6174657d 7d300438 cfb0f501 5a117b22| ate}}0.8....Z.{" 000007f0
|72656164 223a2273 6368656d 61227d22| read":"schema"}" 00000800
|550a076b 65792f6f 6e651207 76616c2f| U..key/one..val/ 00000810
|74776f1a 0d666c6f 775f646f 63756d65| two..flow_docume 00000820
|6e74221d 0a07615f 6669656c 6412127b| nt"...a_field..{ 00000830
|22666965 6c64223a 22636f6e 66696722| "field":"config" 00000840
|7d22130a 0b6f7468 65722f66 69656c64| }"...other/field 00000850
|12043432 2e353a42 0a400a1e 0a0f6573| ..42.5:B.@....es 00000860
|74756172 792e6465 762f666f 6f120b6c| tuary.dev/foo..l 00000870
|6162656c 2d76616c 75650a1e 0a0f6573| abel-value....es 00000880
|74756172 792e6465 762f6261 72120b6f| tuary.dev/bar..o 00000890
|74686572 2d76616c 75654231 6d617465| ther-valueB1mate 000008a0
|7269616c 697a652f 61636d65 436f2f6d| rialize/acmeCo/m 000008b0
|61746572 69616c69 7a617469 6f6e2f73| aterialization/s 000008c0
|6f6d6525 32307061 74682e76 31480352| ome%20path.v1H.R 000008d0
|0608cbc8 d6a6065a 06088088 8ba10660| .......Z.......` 000008e0
|016a0e73 6f6d6525 32307061 74682e76| .j.some%20path.v 000008f0
|312a8001 0a0e7368 6172642f 74656d70| 1*....shard/temp 00000900
|6c617465 1a0f7265 636f7665 72792f70| late..recovery/p 00000910
|72656669 78220b68 696e742f 70726566| refix".hint/pref 00000920
|69782803 3202083c 48015240 0a1e0a0f| ix(.2..<H.R@.... 00000930
|65737475 6172792e 6465762f 666f6f12| estuary.dev/foo. 00000940
|0b6c6162 656c2d76 616c7565 0a1e0a0f| .label-value.... 00000950
|65737475 6172792e 6465762f 62617212| estuary.dev/bar. 00000960
|0b6f7468 65722d76 616c7565 608cdc02| .other-value`... 00000970
|68e9ec06 32380a11 7265636f 76657279| h...28..recovery 00000980
|2f74656d 706c6174 65100322 21088080| /template.."!... 00000990
|4010041a 1473333a 2f2f6275 636b6574| @....s3://bucket 000009a0
|2f726563 6f766572 79220308 ac023a0c| /recovery"....:. 000009b0
|08903f12 05687474 70731801 3a0308a8| ..?..https..:... 000009c0
|46120b31 313a3232 3a33333a 34341a14| F..11:22:33:44.. 000009d0
|15332211 001d7766 554425bb aa99882d| .3"...wfUD%....- 000009e0
|ffeeddcc 221a7b22 636f6e6e 6563746f| ....".{"connecto 000009f0
|72223a7b 22737461 7465223a 34327d7d| r":{"state":42}} 00000a00
|2a13080c 12095b34 322c2268 69225d1a| *.....[42,"hi"]. 00000a10
|04564b1e 0932003a 45080312 0b5b7472| .VK..2.:E....[tr 00000a20
|75652c6e 756c6c5d 1a035a15 0022125b| ue,null]..Z..".[ 00000a30
|332e3134 3135392c 22666965 6c642122| 3.14159,"field!" 00000a40
|5d2a023c 5b32137b 2266756c 6c223a22| ]*.<[2.{"full":" 00000a50
|646f6375 6d656e74 227d3801 40014266| document"}8.@.Bf 00000a60
|0a640a4a 0a15612f 72656164 2f6a6f75| .d.J..a/read/jou 00000a70
|726e616c 3b737566 66697812 3108b960| rnal;suffix.1..` 00000a80
|12150a05 03090805 07120c09 e3210000| .............!.. 00000a90
|00000000 10d70812 150a0507 0c662b1d| .............f+. 00000aa0
|120c0935 01000000 00000010 ae111216| ...5............ 00000ab0
|0a0e616e 2f61636b 2f6a6f75 726e616c| ..an/ack/journal 00000ac0
|12040304 02054a00 a2060612 02486918| ......J......Hi. 00000ad0
|01|                                  .                00000ae0
                                                       00000ae1
